[riperiperi.github.io/amebo/index.html]
[backblue.gif]
[fade.gif]
[index.html]
[riperiperi.github.io/amebo/amebo.js]
[riperiperi.github.io/amebo/appcontroller.js]
[riperiperi.github.io/amebo/iosJSnode.js]
[riperiperi.github.io/amebo/css/main.css]
[riperiperi.github.io/amebo/images/cart.png]
[riperiperi.github.io/amebo/images/control/bg.png]
[riperiperi.github.io/amebo/images/control/0n.png]
[riperiperi.github.io/amebo/images/control/0s.png]
[riperiperi.github.io/amebo/images/control/1n.png]
[riperiperi.github.io/amebo/images/control/1s.png]
[riperiperi.github.io/amebo/images/control/2n.png]
[riperiperi.github.io/amebo/images/control/2s.png]
[riperiperi.github.io/amebo/images/control/3n.png]
[riperiperi.github.io/amebo/images/control/3s.png]
[riperiperi.github.io/amebo/images/control/4n.png]
[riperiperi.github.io/amebo/images/control/4s.png]
[riperiperi.github.io/amebo/images/control/5n.png]
[riperiperi.github.io/amebo/images/control/5s.png]
[riperiperi.github.io/amebo/images/control/6n.png]
[riperiperi.github.io/amebo/images/control/6s.png]
[riperiperi.github.io/amebo/images/control/7n.png]
[riperiperi.github.io/amebo/images/control/7s.png]
[riperiperi.github.io/amebo/iphone.html]
[riperiperi.github.io/amebo/gbsplayer.html]
[riperiperi.github.io/amebo/index.html]
[riperiperi.github.io/amebo/iphone/5start.png]
[riperiperi.github.io/amebo/iphone/icon120.png]
[riperiperi.github.io/amebo/scrollfix.js]
[riperiperi.github.io/amebo/jszip/jszip.js]
[riperiperi.github.io/amebo/jszip/jszip-inflate.js]
[riperiperi.github.io/amebo/jszip/jszip-deflate.js]
[riperiperi.github.io/amebo/jszip/jszip-load.js]
[riperiperi.github.io/amebo/dropins.js]
[riperiperi.github.io/amebo/SansGuiltMB.otf]
[riperiperi.github.io/amebo/iphone/dropdown.svg]
[riperiperi.github.io/amebo/iphone/editbgr.svg]
[riperiperi.github.io/amebo/iphone/editbgb.svg]
[riperiperi.github.io/amebo/styles/default/bbtn.svg]
[riperiperi.github.io/amebo/styles/default/start.svg]
[riperiperi.github.io/amebo/styles/default/select.svg]
[riperiperi.github.io/amebo/styles/default/dpad.svg]
[riperiperi.github.io/amebo/styles/default/bg.svg]
[riperiperi.github.io/amebo/styles/default/menu.svg]
[riperiperi.github.io/amebo/styles/default/indent.svg]
[riperiperi.github.io/amebo/GET]
[riperiperi.github.io/amebo/iphone/load.png]
[riperiperi.github.io/amebo/iphone/back.svg]
[riperiperi.github.io/amebo/iphone/edit.svg]
[riperiperi.github.io/amebo/dropbox.svg]
[riperiperi.github.io/amebo/URL.svg]
[riperiperi.github.io/amebo/iphone/add.svg]
[riperiperi.github.io/amebo/iphone/portPT.svg]
[riperiperi.github.io/amebo/iphone/homeBtn.svg]
[riperiperi.github.io/amebo/iphone/landPT.svg]
[riperiperi.github.io/amebo/iphone/downControls.svg]
[riperiperi.github.io/amebo/iphone/renameControls.svg]
[riperiperi.github.io/amebo/iphone/deleteControls.svg]
[riperiperi.github.io/amebo/iphone/ROMs.svg]
[riperiperi.github.io/amebo/iphone/States.svg]
[riperiperi.github.io/amebo/iphone/Controls.svg]
[riperiperi.github.io/amebo/iphone/Options.svg]
[riperiperi.github.io/amebo/iphone.html]
[riperiperi.github.io/amebo/gbs/bg.svg]
[riperiperi.github.io/amebo/gbs/play.svg]
[riperiperi.github.io/amebo/gbs/pause.svg]
[riperiperi.github.io/amebo/gbs/fadeover.svg]
[riperiperi.github.io/amebo/gbs/lefta.svg]
[riperiperi.github.io/amebo/gbs/righta.svg]
[riperiperi.github.io/amebo/POST]
[riperiperi.github.io/amebo/gbsplayer.html]
[riperiperi.github.io/amebo/SansGuiltMB.html]
[riperiperi.github.io/amebo/GET.html]
[riperiperi.github.io/amebo/POST.html]
[riperiperi.github.io/amebo/images/control/bg.png]
[riperiperi.github.io/amebo/images/cart.png]
[riperiperi.github.io/amebo/iphone/5start.png]
[riperiperi.github.io/amebo/iphone/icon120.png]
[riperiperi.github.io/amebo/css/main.css]
[riperiperi.github.io/amebo/iphone/dropdown.svg]
[riperiperi.github.io/amebo/iphone/editbgr.svg]
[riperiperi.github.io/amebo/iphone/editbgb.svg]
[riperiperi.github.io/amebo/styles/default/bbtn.svg]
[riperiperi.github.io/amebo/styles/default/start.svg]
[riperiperi.github.io/amebo/styles/default/select.svg]
[riperiperi.github.io/amebo/styles/default/dpad.svg]
[riperiperi.github.io/amebo/styles/default/bg.svg]
[riperiperi.github.io/amebo/styles/default/menu.svg]
[riperiperi.github.io/amebo/styles/default/indent.svg]
[riperiperi.github.io/amebo/iphone/back.svg]
[riperiperi.github.io/amebo/iphone/edit.svg]
[riperiperi.github.io/amebo/dropbox.svg]
[riperiperi.github.io/amebo/URL.svg]
[riperiperi.github.io/amebo/iphone/add.svg]
[riperiperi.github.io/amebo/iphone/portPT.svg]
[riperiperi.github.io/amebo/iphone/homeBtn.svg]
[riperiperi.github.io/amebo/iphone/landPT.svg]
[riperiperi.github.io/amebo/iphone/downControls.svg]
[riperiperi.github.io/amebo/iphone/renameControls.svg]
[riperiperi.github.io/amebo/iphone/deleteControls.svg]
[riperiperi.github.io/amebo/iphone/ROMs.svg]
[riperiperi.github.io/amebo/iphone/States.svg]
[riperiperi.github.io/amebo/iphone/Controls.svg]
[riperiperi.github.io/amebo/iphone/Options.svg]
[riperiperi.github.io/amebo/gbs/bg.svg]
[riperiperi.github.io/amebo/gbs/play.svg]
[riperiperi.github.io/amebo/gbs/pause.svg]
[riperiperi.github.io/amebo/gbs/fadeover.svg]
[riperiperi.github.io/amebo/gbs/lefta.svg]
[riperiperi.github.io/amebo/gbs/righta.svg]
